
[7m[1m[36m RUN [39m[22m[27m [36mv0.34.6[39m [90mC:/Users/natsu/OneDrive/CODE/Love Letter project/love-letter-online[39m

 [33mÔØ»[39m src/utils/__tests__/phantomKingHandSwap.test.js [2m ([22m[2m0 test[22m[2m)[22m
[90mstdout[2m | src/utils/__tests__/targetModalAutoClear.test.js[2m > [22m[2m­ƒÄ» Target Modal Auto-Clear Logic[2m > [22m[2mshould auto-clear target modal when player's turn starts[22m[39m
­ƒÄ» AUTO-CLEAR: Clearing target message modal - it's now this player's turn

[90mstdout[2m | src/utils/__tests__/targetModalAutoClear.test.js[2m > [22m[2m­ƒÄ» Target Modal Auto-Clear Logic[2m > [22m[2mshould handle the complete Phantom King workflow with auto-clear[22m[39m
­ƒÄ» AUTO-CLEAR: Clearing target message modal - it's now this player's turn

[90mstdout[2m | src/utils/__tests__/targetModalAutoClear.test.js[2m > [22m[2m­ƒÄ» Target Modal Auto-Clear Logic[2m > [22m[2mshould clear multiple target modals correctly across different players[22m[39m
­ƒÄ» AUTO-CLEAR: Clearing target message modal - it's now this player's turn

 [32mÔ£ô[39m src/utils/__tests__/targetModalAutoClear.test.js [2m ([22m[2m5 tests[22m[2m)[22m[90m 118[2mms[22m[39m
 [32mÔ£ô[39m src/utils/__tests__/princeIntegration.test.js [2m ([22m[2m11 tests[22m[2m)[22m[90m 76[2mms[22m[39m
 [32mÔ£ô[39m src/utils/__tests__/countessForcePlay.test.js [2m ([22m[2m15 tests[22m[2m)[22m[90m 63[2mms[22m[39m
 [32mÔ£ô[39m src/utils/__tests__/handmaidEffects.test.js [2m ([22m[2m8 tests[22m[2m)[22m[90m 56[2mms[22m[39m
 [32mÔ£ô[39m src/utils/__tests__/baronEffects.test.js [2m ([22m[2m10 tests[22m[2m)[22m[90m 74[2mms[22m[39m
 [32mÔ£ô[39m src/utils/__tests__/princeEffects.test.js [2m ([22m[2m8 tests[22m[2m)[22m[90m 68[2mms[22m[39m
 [32mÔ£ô[39m src/utils/__tests__/priestEffects.test.js [2m ([22m[2m11 tests[22m[2m)[22m[90m 79[2mms[22m[39m
 [33mÔØ»[39m src/utils/__tests__/countessEffects.test.js [2m ([22m[2m5 tests[22m [2m|[22m [31m1 failed[39m[2m)[22m[90m 179[2mms[22m[39m
[31m   [33mÔØ»[31m src/utils/__tests__/countessEffects.test.js[2m > [22m­ƒÄ¡ Countess Effects - The Royal Matriarch[2m > [22mRoyal Presence Effect[2m > [22mshould successfully apply Countess effect with royal notifications[39m
[31m     ÔåÆ expected '­ƒÄ¡Ô£¿ THE COUNTESS Ô£¿­ƒÄ¡\n\nYou have playÔÇª' to include 'Royal Effect: None (but her presence ÔÇª'[39m
[90mstdout[2m | src/utils/__tests__/countessEffects.test.js[2m > [22m[2m­ƒÄ¡ Countess Effects - The Royal Matriarch[2m > [22m[2mRoyal Presence Effect[2m > [22m[2mshould successfully apply Countess effect with royal notifications[22m[39m
­ƒÄ¡ COUNTESS DEBUG: The royal matriarch takes the stage... { player: [32m'alice'[39m }
­ƒÄ¡ COUNTESS: Royal presence confirmed { player: [32m'alice'[39m, hand: [ { id: [33m7[39m, strength: [33m7[39m, name: [32m'Countess'[39m } ] }

[90mstdout[2m | src/utils/__tests__/countessEffects.test.js[2m > [22m[2m­ƒÄ¡ Countess Effects - The Royal Matriarch[2m > [22m[2mRoyal Presence Effect[2m > [22m[2mshould handle missing room data gracefully[22m[39m
­ƒÄ¡ COUNTESS DEBUG: The royal matriarch takes the stage... { player: [32m'alice'[39m }

stderr | src/utils/__tests__/countessEffects.test.js > ­ƒÄ¡ Countess Effects - The Royal Matriarch > Royal Presence Effect > should handle missing room data gracefully
­ƒÄ¡ COUNTESS ERROR: Royal scandal! Error: The royal chambers have vanished...
    at applyCountessEffect (C:\Users\natsu\OneDrive\CODE\Love Letter project\love-letter-online\src\utils\cardEffects.js:463:13)
    at C:\Users\natsu\OneDrive\CODE\Love Letter project\love-letter-online\src\utils\__tests__\countessEffects.test.js:110:22
    at runTest (file:///C:/Users/natsu/OneDrive/CODE/Love%20Letter%20project/love-letter-online/node_modules/@vitest/runner/dist/index.js:663:11)
    at runSuite (file:///C:/Users/natsu/OneDrive/CODE/Love%20Letter%20project/love-letter-online/node_modules/@vitest/runner/dist/index.js:782:15)
    at runSuite (file:///C:/Users/natsu/OneDrive/CODE/Love%20Letter%20project/love-letter-online/node_modules/@vitest/runner/dist/index.js:782:15)
    at runSuite (file:///C:/Users/natsu/OneDrive/CODE/Love%20Letter%20project/love-letter-online/node_modules/@vitest/runner/dist/index.js:782:15)
    at runFiles (file:///C:/Users/natsu/OneDrive/CODE/Love%20Letter%20project/love-letter-online/node_modules/@vitest/runner/dist/index.js:834:5)
    at startTests (file:///C:/Users/natsu/OneDrive/CODE/Love%20Letter%20project/love-letter-online/node_modules/@vitest/runner/dist/index.js:843:3)
    at file:///C:/Users/natsu/OneDrive/CODE/Love%20Letter%20project/love-letter-online/node_modules/vitest/dist/entry.js:103:7
    at withEnv (file:///C:/Users/natsu/OneDrive/CODE/Love%20Letter%20project/love-letter-online/node_modules/vitest/dist/entry.js:73:5)

[90mstdout[2m | src/utils/__tests__/countessEffects.test.js[2m > [22m[2m­ƒÄ¡ Countess Effects - The Royal Matriarch[2m > [22m[2mRoyal Presence Effect[2m > [22m[2mshould handle Firebase errors gracefully[22m[39m
­ƒÄ¡ COUNTESS DEBUG: The royal matriarch takes the stage... { player: [32m'alice'[39m }

stderr | src/utils/__tests__/countessEffects.test.js > ­ƒÄ¡ Countess Effects - The Royal Matriarch > Royal Presence Effect > should handle Firebase errors gracefully
­ƒÄ¡ COUNTESS ERROR: Royal scandal! Error: Network error
    at C:\Users\natsu\OneDrive\CODE\Love Letter project\love-letter-online\src\utils\__tests__\countessEffects.test.js:121:33
    at file:///C:/Users/natsu/OneDrive/CODE/Love%20Letter%20project/love-letter-online/node_modules/@vitest/runner/dist/index.js:135:14
    at file:///C:/Users/natsu/OneDrive/CODE/Love%20Letter%20project/love-letter-online/node_modules/@vitest/runner/dist/index.js:58:26
    at runTest (file:///C:/Users/natsu/OneDrive/CODE/Love%20Letter%20project/love-letter-online/node_modules/@vitest/runner/dist/index.js:663:17)
    at runSuite (file:///C:/Users/natsu/OneDrive/CODE/Love%20Letter%20project/love-letter-online/node_modules/@vitest/runner/dist/index.js:782:15)
    at runSuite (file:///C:/Users/natsu/OneDrive/CODE/Love%20Letter%20project/love-letter-online/node_modules/@vitest/runner/dist/index.js:782:15)
    at runSuite (file:///C:/Users/natsu/OneDrive/CODE/Love%20Letter%20project/love-letter-online/node_modules/@vitest/runner/dist/index.js:782:15)
    at runFiles (file:///C:/Users/natsu/OneDrive/CODE/Love%20Letter%20project/love-letter-online/node_modules/@vitest/runner/dist/index.js:834:5)
    at startTests (file:///C:/Users/natsu/OneDrive/CODE/Love%20Letter%20project/love-letter-online/node_modules/@vitest/runner/dist/index.js:843:3)
    at file:///C:/Users/natsu/OneDrive/CODE/Love%20Letter%20project/love-letter-online/node_modules/vitest/dist/entry.js:103:7

[90mstdout[2m | src/utils/__tests__/countessEffects.test.js[2m > [22m[2m­ƒÄ¡ Countess Effects - The Royal Matriarch[2m > [22m[2mRoyal Presence Effect[2m > [22m[2mshould use fallback name when player name is not available[22m[39m
­ƒÄ¡ COUNTESS DEBUG: The royal matriarch takes the stage... { player: [32m'player123'[39m }
­ƒÄ¡ COUNTESS: Royal presence confirmed {
  player: [32m'player123'[39m,
  hand: [ { id: [33m7[39m, strength: [33m7[39m, name: [32m'Countess'[39m } ]
}

 [32mÔ£ô[39m src/utils/__tests__/cardEffects.test.js [2m ([22m[2m9 tests[22m[2m)[22m[90m 53[2mms[22m[39m
[90mstdout[2m | src/utils/__tests__/countessIntegration.test.js[2m > [22m[2m­ƒÄ¡ Countess Integration Tests[2m > [22m[2mCountess Workflow Integration[2m > [22m[2mshould handle complete Countess workflow[22m[39m
­ƒÄ¡ COUNTESS DEBUG: The royal matriarch takes the stage... { player: [32m'alice'[39m }
­ƒÄ¡ COUNTESS: Royal presence confirmed {
  player: [32m'alice'[39m,
  hand: [
    { id: [33m7[39m, strength: [33m7[39m, name: [32m'Countess'[39m },
    { id: [33m5[39m, strength: [33m5[39m, name: [32m'Prince'[39m }
  ]
}

[90mstdout[2m | src/utils/__tests__/countessIntegration.test.js[2m > [22m[2m­ƒÄ¡ Countess Integration Tests[2m > [22m[2mError Handling Integration[2m > [22m[2mshould handle malformed game state gracefully[22m[39m
­ƒÄ¡ COUNTESS DEBUG: The royal matriarch takes the stage... { player: [32m'alice'[39m }

stderr | src/utils/__tests__/countessIntegration.test.js > ­ƒÄ¡ Countess Integration Tests > Error Handling Integration > should handle malformed game state gracefully
­ƒÄ¡ COUNTESS ERROR: Royal scandal! Error: The royal chambers have vanished...
    at applyCountessEffect (C:\Users\natsu\OneDrive\CODE\Love Letter project\love-letter-online\src\utils\cardEffects.js:463:13)
    at C:\Users\natsu\OneDrive\CODE\Love Letter project\love-letter-online\src\utils\__tests__\countessIntegration.test.js:213:22
    at runTest (file:///C:/Users/natsu/OneDrive/CODE/Love%20Letter%20project/love-letter-online/node_modules/@vitest/runner/dist/index.js:663:11)
    at runSuite (file:///C:/Users/natsu/OneDrive/CODE/Love%20Letter%20project/love-letter-online/node_modules/@vitest/runner/dist/index.js:782:15)
[90mstdout[2m | src/utils/__tests__/countessIntegration.test.js[2m > [22m[2m­ƒÄ¡ Countess Integration Tests[2m > [22m[2mError Handling Integration[2m > [22m[2mshould handle network errors gracefully[22m[39m
­ƒÄ¡ COUNTESS DEBUG: The royal matriarch takes the stage... { player: [32m'alice'[39m }

    at runSuite (file:///C:/Users/natsu/OneDrive/CODE/Love%20Letter%20project/love-letter-online/node_modules/@vitest/runner/dist/index.js:782:15)
    at runSuite (file:///C:/Users/natsu/OneDrive/CODE/Love%20Letter%20project/love-letter-online/node_modules/@vitest/runner/dist/index.js:782:15)
    at runFiles (file:///C:/Users/natsu/OneDrive/CODE/Love%20Letter%20project/love-letter-online/node_modules/@vitest/runner/dist/index.js:834:5)
    at startTests (file:///C:/Users/natsu/OneDrive/CODE/Love%20Letter%20project/love-letter-online/node_modules/@vitest/runner/dist/index.js:843:3)
    at file:///C:/Users/natsu/OneDrive/CODE/Love%20Letter%20project/love-letter-online/node_modules/vitest/dist/entry.js:103:7
    at withEnv (file:///C:/Users/natsu/OneDrive/CODE/Love%20Letter%20project/love-letter-online/node_modules/vitest/dist/entry.js:73:5)

stderr | src/utils/__tests__/countessIntegration.test.js > ­ƒÄ¡ Countess Integration Tests > Error Handling Integration > should handle network errors gracefully
­ƒÄ¡ COUNTESS ERROR: Royal scandal! Error: Network failure
    at C:\Users\natsu\OneDrive\CODE\Love Letter project\love-letter-online\src\utils\__tests__\countessIntegration.test.js:227:40
    at runTest (file:///C:/Users/natsu/OneDrive/CODE/Love%20Letter%20project/love-letter-online/node_modules/@vitest/runner/dist/index.js:663:11)
    at runSuite (file:///C:/Users/natsu/OneDrive/CODE/Love%20Letter%20project/love-letter-online/node_modules/@vitest/runner/dist/index.js:782:15)
    at runSuite (file:///C:/Users/natsu/OneDrive/CODE/Love%20Letter%20project/love-letter-online/node_modules/@vitest/runner/dist/index.js:782:15)
    at runSuite (file:///C:/Users/natsu/OneDrive/CODE/Love%20Letter%20project/love-letter-online/node_modules/@vitest/runner/dist/index.js:782:15)
    at runFiles (file:///C:/Users/natsu/OneDrive/CODE/Love%20Letter%20project/love-letter-online/node_modules/@vitest/runner/dist/index.js:834:5)
    at startTests (file:///C:/Users/natsu/OneDrive/CODE/Love%20Letter%20project/love-letter-online/node_modules/@vitest/runner/dist/index.js:843:3)
    at file:///C:/Users/natsu/OneDrive/CODE/Love%20Letter%20project/love-letter-online/node_modules/vitest/dist/entry.js:103:7
    at withEnv (file:///C:/Users/natsu/OneDrive/CODE/Love%20Letter%20project/love-letter-online/node_modules/vitest/dist/entry.js:73:5)
    at run (file:///C:/Users/natsu/OneDrive/CODE/Love%20Letter%20project/love-letter-online/node_modules/vitest/dist/entry.js:95:3)

 [33mÔØ»[39m src/utils/__tests__/countessIntegration.test.js [2m ([22m[2m13 tests[22m [2m|[22m [31m1 failed[39m[2m)[22m[33m 372[2mms[22m[39m
[31m   [33mÔØ»[31m src/utils/__tests__/countessIntegration.test.js[2m > [22m­ƒÄ¡ Countess Integration Tests[2m > [22mPerformance and Edge Cases[2m > [22mshould handle rapid successive force-play checks[39m
[31m     ÔåÆ expected 116.1003999998793 to be less than 100[39m
 [32mÔ£ô[39m src/components/__tests__/modalBehaviors.test.jsx [2m ([22m[2m15 tests[22m[2m)[22m[90m 30[2mms[22m[39m
 [32mÔ£ô[39m src/utils/__tests__/turnAdvancementIntegration.test.js [2m ([22m[2m5 tests[22m[2m)[22m[90m 24[2mms[22m[39m
 [32mÔ£ô[39m src/utils/__tests__/princeModalWorkflow.test.js [2m ([22m[2m8 tests[22m[2m)[22m[90m 52[2mms[22m[39m
 [32mÔ£ô[39m src/utils/__tests__/guardTurnCompletion.test.js [2m ([22m[2m7 tests[22m[2m)[22m[90m 29[2mms[22m[39m
 [32mÔ£ô[39m src/utils/__tests__/deckBuilder.test.js [2m ([22m[2m5 tests[22m[2m)[22m[90m 12[2mms[22m[39m
 [32mÔ£ô[39m src/utils/__tests__/phantomKingEffects.test.js [2m ([22m[2m4 tests[22m[2m)[22m[90m 17[2mms[22m[39m

ÔÄ»ÔÄ»ÔÄ»ÔÄ»ÔÄ»ÔÄ» Failed Suites 1 ÔÄ»ÔÄ»ÔÄ»ÔÄ»ÔÄ»ÔÄ»ÔÄ»

 FAIL  src/utils/__tests__/phantomKingHandSwap.test.js [ src/utils/__tests__/phantomKingHandSwap.test.js ]
Error: No test suite found in file C:/Users/natsu/OneDrive/CODE/Love Letter project/love-letter-online/src/utils/__tests__/phantomKingHandSwap.test.js
ÔÄ»ÔÄ»ÔÄ»ÔÄ»ÔÄ»ÔÄ»ÔÄ»ÔÄ»ÔÄ»ÔÄ»ÔÄ»ÔÄ»ÔÄ»ÔÄ»ÔÄ»ÔÄ»ÔÄ»ÔÄ»ÔÄ»ÔÄ»ÔÄ»ÔÄ»ÔÄ»ÔÄ»[1/3]ÔÄ»

ÔÄ»ÔÄ»ÔÄ»ÔÄ»ÔÄ»ÔÄ»ÔÄ» Failed Tests 2 ÔÄ»ÔÄ»ÔÄ»ÔÄ»ÔÄ»ÔÄ»ÔÄ»

 FAIL  src/utils/__tests__/countessEffects.test.js > ­ƒÄ¡ Countess Effects - The Royal Matriarch > Royal Presence Effect > should successfully apply Countess effect with royal notifications
AssertionError: expected '­ƒÄ¡Ô£¿ THE COUNTESS Ô£¿­ƒÄ¡\n\nYou have playÔÇª' to include 'Royal Effect: None (but her presence ÔÇª'
 ÔØ» src/utils/__tests__/countessEffects.test.js:96:36
[2m Test Files [22m [1m[31m3 failed[39m[22m[2m | [22m[1m[32m14 passed[39m[22m[90m (17)[39m
     94|       // Check player message contains royal protocol
     95|       expect(result.playerMessage).toContain("­ƒÄ¡Ô£¿ THE COUNTESS Ô£¿­ƒÄ¡");
     96|       expect(result.playerMessage).toContain(
       |                                    ^
     97|         "Royal Effect: None (but her presence was mandatory)"
     98|       );
[2m      Tests [22m [1m[31m2 failed[39m[22m[2m | [22m[1m[32m137 passed[39m[22m[90m (139)[39m
[2m   Start at [22m 12:57:12
[2m   Duration [22m 9.15s[2m (transform 3.42s, setup 9.63s, collect 5.71s, tests 1.30s, environment 38.47s, prepare 11.03s)[22m


ÔÄ»ÔÄ»ÔÄ»ÔÄ»ÔÄ»ÔÄ»ÔÄ»ÔÄ»ÔÄ»ÔÄ»ÔÄ»ÔÄ»ÔÄ»ÔÄ»ÔÄ»ÔÄ»ÔÄ»ÔÄ»ÔÄ»ÔÄ»ÔÄ»ÔÄ»ÔÄ»ÔÄ»[2/3]ÔÄ»

 FAIL  src/utils/__tests__/countessIntegration.test.js > ­ƒÄ¡ Countess Integration Tests > Performance and Edge Cases > should handle rapid successive force-play checks
AssertionError: expected 116.1003999998793 to be less than 100
 ÔØ» src/utils/__tests__/countessIntegration.test.js:274:35
    272| 
    273|       // Should complete quickly (under 100ms for 1000 iterations)
    274|       expect(endTime - startTime).toBeLessThan(100);
       |                                   ^
    275|     });
    276| 

ÔÄ»ÔÄ»ÔÄ»ÔÄ»ÔÄ»ÔÄ»ÔÄ»ÔÄ»ÔÄ»ÔÄ»ÔÄ»ÔÄ»ÔÄ»ÔÄ»ÔÄ»ÔÄ»ÔÄ»ÔÄ»ÔÄ»ÔÄ»ÔÄ»ÔÄ»ÔÄ»ÔÄ»[3/3]ÔÄ»

